// Jest Snapshot v1, https://goo.gl/fbAQLP

exports[`Should render correctly AnswerCheckBox component 1`] = `
Array [
  <input
    checked={false}
    className="game__input visually-hidden"
    id="answer-1"
    name="answer"
    onChange={[Function]}
    type="checkbox"
    value="checkbox"
  />,
  <label
    className="game__check"
    htmlFor="answer-1"
  >
    Отметить
  </label>,
]
`;
